---
source: tui/src/status/tests.rs
expression: sanitized
---
/status

╭───────────────────────────────────────────────────────────────────────╮
│  >_ OpenAI Codex (v0.0.0)                                             │
│                                                                       │
│ Visit https://chatgpt.com/codex/settings/usage for up-to-date         │
│ information on rate limits and credits                                │
│                                                                       │
│ Session                                                               │
│  Model:            gpt-5.1-codex-max (reasoning none, summaries auto) │
│  Directory: [[workspace]]                                             │
│  Approval:         on-request                                         │
│  Sandbox:          read-only                                          │
│  Agents.md:        <none>                                             │
│                                                                       │
│ Authentication                                                        │
│  Gemini API:       GEMINI_API_KEY                                     │
│  OpenAI API:       OPENAI_API_KEY / CODEX_API_KEY                     │
│                                                                       │
│ Usage                                                                 │
│  Token usage:      750 total  (500 input + 250 output)                │
│  Context window:   100% left (750 used / 272K)                        │
│                                                                       │
│ Rate Limits                                                           │
│  Limits:           data not available yet                             │
╰───────────────────────────────────────────────────────────────────────╯
