---
source: tui/src/bottom_pane/chat_composer.rs
assertion_line: 6157
expression: terminal.backend()
---
"                                                                                                    "
"› [Pasted Content 1005 chars]                                                                       "
"                                                                                                    "
"                                                                                                    "
"                                                                                                    "
"                                                                                                    "
"                                                                                                    "
"                                                                                                    "
"                                                                                                    "
"                                                                                         100% left  "
