---
source: tui/src/bottom_pane/chat_composer.rs
assertion_line: 4729
expression: terminal.backend()
---
"                                                                                                    "
"› h                                                                                                 "
"                                                                                                    "
"                                                                                                    "
"                                                                                                    "
"                                                                                                    "
"                                                                                                    "
"                                                                                                    "
"                                                                                         100% left  "
