---
source: tui/src/chatwidget/tests.rs
assertion_line: 8485
expression: terminal.backend()
---
"                                                                                "
"• Analyzing (0s • esc to interrupt)                                             "
"                                                                                "
"                                                                                "
"› Ask Codex to do anything                                                      "
"                                                                                "
"  • openai • gpt-5.3-codex • default                                 100% left  "
