---
source: tui/src/chatwidget/tests.rs
assertion_line: 1619
expression: rendered
---
• Called review(commit abc123: Tighten tests)
  └ The change is close, but it still needs a regression test.

    Review comment:

    - Missing regression coverage — /tmp/review_tool.rs:12-18
      Add a test for the failure path before landing this change.
